interactions:
- request:
    body: null
    headers:
      Accept:
      - '*/*'
      Accept-Encoding:
      - gzip, deflate
      Connection:
      - keep-alive
      Content-Length:
      - '0'
      User-Agent:
      - python-requests/2.25.1
      charset:
      - utf-8
      content-type:
      - application/json
    method: PUT
    uri: https://api-dino-fra.eng.macrometa.io/_fabric/test_fabric_1/_api/collection/test_collection_4/truncate
  response:
    body:
      string: '{"error":false,"code":200,"waitForSync":false,"name":"test_collection_4","isSystem":false,"isSpot":false,"isLocal":false,"status":3,"searchEnabled":false,"id":"782068","type":2,"hasStream":false,"globallyUniqueId":"hB1D42EC62724/782068","collectionModel":"DOC"}'
    headers:
      Access-Control-Expose-Headers:
      - x-gdn-region, x-gdn-requestid, x-gdn-responsetime
      Connection:
      - keep-alive
      Content-Type:
      - application/json
      Date:
      - Fri, 18 Nov 2022 07:39:41 GMT
      Server:
      - APISIX
      Transfer-Encoding:
      - chunked
      Vary:
      - Origin
      - Access-Control-Request-Method
      - Access-Control-Request-Headers
      x-gdn-region:
      - dino-fra.eng.macrometa.io
      x-gdn-requestid:
      - ce0506d5-4cdf-4db8-914b-e18adf55d586
      x-gdn-responsetime:
      - '24'
    status:
      code: 200
      message: ''
- request:
    body: null
    headers:
      Accept:
      - '*/*'
      Accept-Encoding:
      - gzip, deflate
      Connection:
      - keep-alive
      Content-Length:
      - '0'
      User-Agent:
      - python-requests/2.25.1
      charset:
      - utf-8
      content-type:
      - application/json
    method: PUT
    uri: https://api-dino-fra.eng.macrometa.io/_fabric/test_fabric_1/_api/collection/test_collection_5/truncate
  response:
    body:
      string: '{"error":false,"code":200,"waitForSync":false,"name":"test_collection_5","isSystem":false,"isSpot":false,"isLocal":false,"status":3,"searchEnabled":false,"id":"782080","type":2,"hasStream":false,"globallyUniqueId":"hB1D42EC62724/782080","collectionModel":"DOC"}'
    headers:
      Access-Control-Expose-Headers:
      - x-gdn-region, x-gdn-requestid, x-gdn-responsetime
      Connection:
      - keep-alive
      Content-Type:
      - application/json
      Date:
      - Fri, 18 Nov 2022 07:39:41 GMT
      Server:
      - APISIX
      Transfer-Encoding:
      - chunked
      Vary:
      - Origin
      - Access-Control-Request-Method
      - Access-Control-Request-Headers
      x-gdn-region:
      - dino-fra.eng.macrometa.io
      x-gdn-requestid:
      - 90d97284-8073-4b76-bec6-b6d1a5dd776a
      x-gdn-responsetime:
      - '15'
    status:
      code: 200
      message: ''
- request:
    body: null
    headers:
      Accept:
      - '*/*'
      Accept-Encoding:
      - gzip, deflate
      Connection:
      - keep-alive
      Content-Length:
      - '0'
      User-Agent:
      - python-requests/2.25.1
      charset:
      - utf-8
      content-type:
      - application/json
    method: PUT
    uri: https://api-dino-fra.eng.macrometa.io/_fabric/test_fabric_1/_api/collection/test_collection_3/truncate
  response:
    body:
      string: '{"error":false,"code":200,"waitForSync":false,"name":"test_collection_3","isSystem":false,"isSpot":false,"isLocal":false,"status":3,"searchEnabled":false,"id":"782092","type":3,"hasStream":false,"globallyUniqueId":"hB1D42EC62724/782092","collectionModel":"DOC"}'
    headers:
      Access-Control-Expose-Headers:
      - x-gdn-region, x-gdn-requestid, x-gdn-responsetime
      Connection:
      - keep-alive
      Content-Type:
      - application/json
      Date:
      - Fri, 18 Nov 2022 07:39:41 GMT
      Server:
      - APISIX
      Transfer-Encoding:
      - chunked
      Vary:
      - Origin
      - Access-Control-Request-Method
      - Access-Control-Request-Headers
      x-gdn-region:
      - dino-fra.eng.macrometa.io
      x-gdn-requestid:
      - 13cb1880-840f-459e-ad94-d0748cc28510
      x-gdn-responsetime:
      - '14'
    status:
      code: 200
      message: ''
- request:
    body: null
    headers:
      Accept:
      - '*/*'
      Accept-Encoding:
      - gzip, deflate
      Connection:
      - keep-alive
      User-Agent:
      - python-requests/2.25.1
      charset:
      - utf-8
      content-type:
      - application/json
    method: GET
    uri: https://api-dino-fra.eng.macrometa.io/_fabric/test_fabric_1/_api/graph/test_graph_1
  response:
    body:
      string: '{"error":false,"code":200,"graph":{"_key":"test_graph_1","numberOfShards":1,"replicationFactor":1,"minReplicationFactor":1,"isSmart":false,"edgeDefinitions":[{"collection":"test_collection_3","from":["test_collection_4"],"to":["test_collection_5"]}],"orphanCollections":[],"_rev":"_fGkrxr6--_","_id":"_graphs/test_graph_1","name":"test_graph_1"}}'
    headers:
      Access-Control-Expose-Headers:
      - x-gdn-region, x-gdn-requestid, x-gdn-responsetime
      Connection:
      - keep-alive
      Content-Length:
      - '346'
      Content-Type:
      - application/json; charset=utf-8
      Server:
      - APISIX
      X-Content-Type-Options:
      - nosniff
      x-gdn-region:
      - dino-fra.eng.macrometa.io
      x-gdn-requestid:
      - d69f94e7-d935-4499-85cc-fc5ead4ce742
      x-gdn-responsetime:
      - '3'
    status:
      code: 200
      message: OK
- request:
    body: null
    headers:
      Accept:
      - '*/*'
      Accept-Encoding:
      - gzip, deflate
      Connection:
      - keep-alive
      User-Agent:
      - python-requests/2.25.1
      charset:
      - utf-8
      content-type:
      - application/json
    method: GET
    uri: https://api-dino-fra.eng.macrometa.io/_fabric/test_fabric_1/_api/graph/test_graph_1
  response:
    body:
      string: '{"error":false,"code":200,"graph":{"_key":"test_graph_1","numberOfShards":1,"replicationFactor":1,"minReplicationFactor":1,"isSmart":false,"edgeDefinitions":[{"collection":"test_collection_3","from":["test_collection_4"],"to":["test_collection_5"]}],"orphanCollections":[],"_rev":"_fGkrxr6--_","_id":"_graphs/test_graph_1","name":"test_graph_1"}}'
    headers:
      Access-Control-Expose-Headers:
      - x-gdn-region, x-gdn-requestid, x-gdn-responsetime
      Connection:
      - keep-alive
      Content-Length:
      - '346'
      Content-Type:
      - application/json; charset=utf-8
      Server:
      - APISIX
      X-Content-Type-Options:
      - nosniff
      x-gdn-region:
      - dino-fra.eng.macrometa.io
      x-gdn-requestid:
      - cbc58fed-a00d-4a9c-b879-323b23398a3c
      x-gdn-responsetime:
      - '8'
    status:
      code: 200
      message: OK
- request:
    body: null
    headers:
      Accept:
      - '*/*'
      Accept-Encoding:
      - gzip, deflate
      Connection:
      - keep-alive
      User-Agent:
      - python-requests/2.25.1
      charset:
      - utf-8
      content-type:
      - application/json
    method: GET
    uri: https://api-dino-fra.eng.macrometa.io/_fabric/test_fabric_1/_api/collection
  response:
    body:
      string: '{"error":false,"code":200,"result":[{"id":"784580","name":"test_collection_c8ql_7","status":3,"type":2,"collectionModel":"DOC","isSpot":false,"isLocal":false,"hasStream":false,"waitForSync":false,"isSystem":false,"globallyUniqueId":"hB1D42EC62724/784580","searchEnabled":false},{"id":"782492","name":"test_collection_c8ql_6","status":3,"type":2,"collectionModel":"DOC","isSpot":false,"isLocal":false,"hasStream":false,"waitForSync":false,"isSystem":false,"globallyUniqueId":"hB1D42EC62724/782492","searchEnabled":false},{"id":"782363","name":"test_collection_c8ql_4","status":3,"type":2,"collectionModel":"DOC","isSpot":false,"isLocal":false,"hasStream":false,"waitForSync":false,"isSystem":false,"globallyUniqueId":"hB1D42EC62724/782363","searchEnabled":false},{"id":"782287","name":"test_collection_c8ql_2","status":3,"type":2,"collectionModel":"DOC","isSpot":false,"isLocal":false,"hasStream":false,"waitForSync":false,"isSystem":false,"globallyUniqueId":"hB1D42EC62724/782287","searchEnabled":false},{"id":"782382","name":"test_collection_c8ql_5","status":3,"type":2,"collectionModel":"DOC","isSpot":false,"isLocal":false,"hasStream":false,"waitForSync":false,"isSystem":false,"globallyUniqueId":"hB1D42EC62724/782382","searchEnabled":false},{"id":"782092","name":"test_collection_3","status":3,"type":3,"collectionModel":"DOC","isSpot":false,"isLocal":false,"hasStream":false,"waitForSync":false,"isSystem":false,"globallyUniqueId":"hB1D42EC62724/782092","searchEnabled":false},{"id":"782080","name":"test_collection_5","status":3,"type":2,"collectionModel":"DOC","isSpot":false,"isLocal":false,"hasStream":false,"waitForSync":false,"isSystem":false,"globallyUniqueId":"hB1D42EC62724/782080","searchEnabled":false},{"id":"782017","name":"test_collection_1","status":3,"type":2,"collectionModel":"DOC","isSpot":false,"isLocal":false,"hasStream":false,"waitForSync":false,"isSystem":false,"globallyUniqueId":"hB1D42EC62724/782017","searchEnabled":false},{"id":"782047","name":"test_collection_2","status":3,"type":3,"collectionModel":"DOC","isSpot":false,"isLocal":false,"hasStream":false,"waitForSync":false,"isSystem":false,"globallyUniqueId":"hB1D42EC62724/782047","searchEnabled":false},{"id":"781960","name":"_graphs","status":3,"type":2,"collectionModel":"DOC","isSpot":false,"isLocal":false,"hasStream":true,"waitForSync":false,"isSystem":true,"globallyUniqueId":"_graphs","searchEnabled":false},{"id":"781963","name":"_analyzers","status":3,"type":2,"collectionModel":"DOC","isSpot":false,"isLocal":false,"hasStream":true,"waitForSync":false,"isSystem":true,"globallyUniqueId":"_analyzers","searchEnabled":false},{"id":"790405","name":"test_collection_graph_6","status":3,"type":2,"collectionModel":"DOC","isSpot":false,"isLocal":false,"hasStream":false,"waitForSync":false,"isSystem":false,"globallyUniqueId":"hB1D42EC62724/790405","searchEnabled":false},{"id":"782343","name":"test_collection_c8ql_3","status":3,"type":2,"collectionModel":"DOC","isSpot":false,"isLocal":false,"hasStream":false,"waitForSync":false,"isSystem":false,"globallyUniqueId":"hB1D42EC62724/782343","searchEnabled":false},{"id":"786934","name":"test_collection_cursor_1","status":3,"type":2,"collectionModel":"DOC","isSpot":false,"isLocal":false,"hasStream":false,"waitForSync":false,"isSystem":false,"globallyUniqueId":"hB1D42EC62724/786934","searchEnabled":false},{"id":"782268","name":"test_collection_c8ql_1","status":3,"type":2,"collectionModel":"DOC","isSpot":false,"isLocal":false,"hasStream":false,"waitForSync":false,"isSystem":false,"globallyUniqueId":"hB1D42EC62724/782268","searchEnabled":false},{"id":"782068","name":"test_collection_4","status":3,"type":2,"collectionModel":"DOC","isSpot":false,"isLocal":false,"hasStream":false,"waitForSync":false,"isSystem":false,"globallyUniqueId":"hB1D42EC62724/782068","searchEnabled":false},{"id":"782003","name":"_collections","status":3,"type":2,"collectionModel":"DOC","isSpot":false,"isLocal":true,"hasStream":false,"waitForSync":false,"isSystem":true,"globallyUniqueId":"_collections","searchEnabled":false},{"id":"782006","name":"_dynamo","status":3,"type":2,"collectionModel":"DOC","isSpot":false,"isLocal":false,"hasStream":true,"waitForSync":false,"isSystem":true,"globallyUniqueId":"_dynamo","searchEnabled":false},{"id":"782009","name":"_replicationTest","status":3,"type":2,"collectionModel":"DOC","isSpot":false,"isLocal":false,"hasStream":true,"waitForSync":false,"isSystem":true,"globallyUniqueId":"_replicationTest","searchEnabled":false}]}'
    headers:
      Access-Control-Expose-Headers:
      - x-gdn-region, x-gdn-requestid, x-gdn-responsetime
      Connection:
      - keep-alive
      Content-Type:
      - application/json
      Date:
      - Fri, 18 Nov 2022 07:39:41 GMT
      Server:
      - APISIX
      Transfer-Encoding:
      - chunked
      Vary:
      - Origin
      - Access-Control-Request-Method
      - Access-Control-Request-Headers
      x-gdn-region:
      - dino-fra.eng.macrometa.io
      x-gdn-requestid:
      - bd21a49e-a96f-42b0-b2fd-b6ea97d849a7
      x-gdn-responsetime:
      - '14'
    status:
      code: 200
      message: ''
- request:
    body: '{"collection": "test_collection_graph_10", "from": [], "to": []}'
    headers:
      Accept:
      - '*/*'
      Accept-Encoding:
      - gzip, deflate
      Connection:
      - keep-alive
      Content-Length:
      - '64'
      User-Agent:
      - python-requests/2.25.1
      charset:
      - utf-8
      content-type:
      - application/json
    method: POST
    uri: https://api-dino-fra.eng.macrometa.io/_fabric/test_fabric_1/_api/graph/test_graph_1/edge
  response:
    body:
      string: '{"code":400,"error":true,"errorMessage":"malformed edge definition","errorNum":1923}'
    headers:
      Access-Control-Expose-Headers:
      - x-gdn-region, x-gdn-requestid, x-gdn-responsetime
      Connection:
      - keep-alive
      Content-Length:
      - '84'
      Content-Type:
      - application/json; charset=utf-8
      Server:
      - APISIX
      X-Content-Type-Options:
      - nosniff
      x-gdn-region:
      - dino-fra.eng.macrometa.io
      x-gdn-requestid:
      - 071f6de8-630f-4002-9b71-36594238f715
      x-gdn-responsetime:
      - '2'
    status:
      code: 400
      message: Bad Request
- request:
    body: null
    headers:
      Accept:
      - '*/*'
      Accept-Encoding:
      - gzip, deflate
      Connection:
      - keep-alive
      User-Agent:
      - python-requests/2.25.1
      charset:
      - utf-8
      content-type:
      - application/json
    method: GET
    uri: https://api-dino-fra.eng.macrometa.io/_fabric/test_fabric_1/_api/graph/test_graph_1
  response:
    body:
      string: '{"error":false,"code":200,"graph":{"_key":"test_graph_1","numberOfShards":1,"replicationFactor":1,"minReplicationFactor":1,"isSmart":false,"edgeDefinitions":[{"collection":"test_collection_3","from":["test_collection_4"],"to":["test_collection_5"]}],"orphanCollections":[],"_rev":"_fGkrxr6--_","_id":"_graphs/test_graph_1","name":"test_graph_1"}}'
    headers:
      Access-Control-Expose-Headers:
      - x-gdn-region, x-gdn-requestid, x-gdn-responsetime
      Connection:
      - keep-alive
      Content-Length:
      - '346'
      Content-Type:
      - application/json; charset=utf-8
      Server:
      - APISIX
      X-Content-Type-Options:
      - nosniff
      x-gdn-region:
      - dino-fra.eng.macrometa.io
      x-gdn-requestid:
      - f85f435b-62b7-45ac-990a-ccab0b487fb1
      x-gdn-responsetime:
      - '3'
    status:
      code: 200
      message: OK
- request:
    body: null
    headers:
      Accept:
      - '*/*'
      Accept-Encoding:
      - gzip, deflate
      Connection:
      - keep-alive
      User-Agent:
      - python-requests/2.25.1
      charset:
      - utf-8
      content-type:
      - application/json
    method: GET
    uri: https://api-dino-fra.eng.macrometa.io/_fabric/test_fabric_1/_api/graph/test_graph_1
  response:
    body:
      string: '{"error":false,"code":200,"graph":{"_key":"test_graph_1","numberOfShards":1,"replicationFactor":1,"minReplicationFactor":1,"isSmart":false,"edgeDefinitions":[{"collection":"test_collection_3","from":["test_collection_4"],"to":["test_collection_5"]}],"orphanCollections":[],"_rev":"_fGkrxr6--_","_id":"_graphs/test_graph_1","name":"test_graph_1"}}'
    headers:
      Access-Control-Expose-Headers:
      - x-gdn-region, x-gdn-requestid, x-gdn-responsetime
      Connection:
      - keep-alive
      Content-Length:
      - '346'
      Content-Type:
      - application/json; charset=utf-8
      Server:
      - APISIX
      X-Content-Type-Options:
      - nosniff
      x-gdn-region:
      - dino-fra.eng.macrometa.io
      x-gdn-requestid:
      - c2fbad10-c4e4-4e76-91c6-e94ba22d5d2f
      x-gdn-responsetime:
      - '2'
    status:
      code: 200
      message: OK
- request:
    body: null
    headers:
      Accept:
      - '*/*'
      Accept-Encoding:
      - gzip, deflate
      Connection:
      - keep-alive
      User-Agent:
      - python-requests/2.25.1
      charset:
      - utf-8
      content-type:
      - application/json
    method: GET
    uri: https://api-dino-fra.eng.macrometa.io/_fabric/test_fabric_1/_api/collection
  response:
    body:
      string: '{"error":false,"code":200,"result":[{"id":"784580","name":"test_collection_c8ql_7","status":3,"type":2,"collectionModel":"DOC","isSpot":false,"isLocal":false,"hasStream":false,"waitForSync":false,"isSystem":false,"globallyUniqueId":"hB1D42EC62724/784580","searchEnabled":false},{"id":"782492","name":"test_collection_c8ql_6","status":3,"type":2,"collectionModel":"DOC","isSpot":false,"isLocal":false,"hasStream":false,"waitForSync":false,"isSystem":false,"globallyUniqueId":"hB1D42EC62724/782492","searchEnabled":false},{"id":"782363","name":"test_collection_c8ql_4","status":3,"type":2,"collectionModel":"DOC","isSpot":false,"isLocal":false,"hasStream":false,"waitForSync":false,"isSystem":false,"globallyUniqueId":"hB1D42EC62724/782363","searchEnabled":false},{"id":"782287","name":"test_collection_c8ql_2","status":3,"type":2,"collectionModel":"DOC","isSpot":false,"isLocal":false,"hasStream":false,"waitForSync":false,"isSystem":false,"globallyUniqueId":"hB1D42EC62724/782287","searchEnabled":false},{"id":"782382","name":"test_collection_c8ql_5","status":3,"type":2,"collectionModel":"DOC","isSpot":false,"isLocal":false,"hasStream":false,"waitForSync":false,"isSystem":false,"globallyUniqueId":"hB1D42EC62724/782382","searchEnabled":false},{"id":"782092","name":"test_collection_3","status":3,"type":3,"collectionModel":"DOC","isSpot":false,"isLocal":false,"hasStream":false,"waitForSync":false,"isSystem":false,"globallyUniqueId":"hB1D42EC62724/782092","searchEnabled":false},{"id":"782080","name":"test_collection_5","status":3,"type":2,"collectionModel":"DOC","isSpot":false,"isLocal":false,"hasStream":false,"waitForSync":false,"isSystem":false,"globallyUniqueId":"hB1D42EC62724/782080","searchEnabled":false},{"id":"782017","name":"test_collection_1","status":3,"type":2,"collectionModel":"DOC","isSpot":false,"isLocal":false,"hasStream":false,"waitForSync":false,"isSystem":false,"globallyUniqueId":"hB1D42EC62724/782017","searchEnabled":false},{"id":"782047","name":"test_collection_2","status":3,"type":3,"collectionModel":"DOC","isSpot":false,"isLocal":false,"hasStream":false,"waitForSync":false,"isSystem":false,"globallyUniqueId":"hB1D42EC62724/782047","searchEnabled":false},{"id":"781960","name":"_graphs","status":3,"type":2,"collectionModel":"DOC","isSpot":false,"isLocal":false,"hasStream":true,"waitForSync":false,"isSystem":true,"globallyUniqueId":"_graphs","searchEnabled":false},{"id":"781963","name":"_analyzers","status":3,"type":2,"collectionModel":"DOC","isSpot":false,"isLocal":false,"hasStream":true,"waitForSync":false,"isSystem":true,"globallyUniqueId":"_analyzers","searchEnabled":false},{"id":"790405","name":"test_collection_graph_6","status":3,"type":2,"collectionModel":"DOC","isSpot":false,"isLocal":false,"hasStream":false,"waitForSync":false,"isSystem":false,"globallyUniqueId":"hB1D42EC62724/790405","searchEnabled":false},{"id":"782343","name":"test_collection_c8ql_3","status":3,"type":2,"collectionModel":"DOC","isSpot":false,"isLocal":false,"hasStream":false,"waitForSync":false,"isSystem":false,"globallyUniqueId":"hB1D42EC62724/782343","searchEnabled":false},{"id":"786934","name":"test_collection_cursor_1","status":3,"type":2,"collectionModel":"DOC","isSpot":false,"isLocal":false,"hasStream":false,"waitForSync":false,"isSystem":false,"globallyUniqueId":"hB1D42EC62724/786934","searchEnabled":false},{"id":"782268","name":"test_collection_c8ql_1","status":3,"type":2,"collectionModel":"DOC","isSpot":false,"isLocal":false,"hasStream":false,"waitForSync":false,"isSystem":false,"globallyUniqueId":"hB1D42EC62724/782268","searchEnabled":false},{"id":"782068","name":"test_collection_4","status":3,"type":2,"collectionModel":"DOC","isSpot":false,"isLocal":false,"hasStream":false,"waitForSync":false,"isSystem":false,"globallyUniqueId":"hB1D42EC62724/782068","searchEnabled":false},{"id":"782003","name":"_collections","status":3,"type":2,"collectionModel":"DOC","isSpot":false,"isLocal":true,"hasStream":false,"waitForSync":false,"isSystem":true,"globallyUniqueId":"_collections","searchEnabled":false},{"id":"782006","name":"_dynamo","status":3,"type":2,"collectionModel":"DOC","isSpot":false,"isLocal":false,"hasStream":true,"waitForSync":false,"isSystem":true,"globallyUniqueId":"_dynamo","searchEnabled":false},{"id":"782009","name":"_replicationTest","status":3,"type":2,"collectionModel":"DOC","isSpot":false,"isLocal":false,"hasStream":true,"waitForSync":false,"isSystem":true,"globallyUniqueId":"_replicationTest","searchEnabled":false}]}'
    headers:
      Access-Control-Expose-Headers:
      - x-gdn-region, x-gdn-requestid, x-gdn-responsetime
      Connection:
      - keep-alive
      Content-Type:
      - application/json
      Date:
      - Fri, 18 Nov 2022 07:39:42 GMT
      Server:
      - APISIX
      Transfer-Encoding:
      - chunked
      Vary:
      - Origin
      - Access-Control-Request-Method
      - Access-Control-Request-Headers
      x-gdn-region:
      - dino-fra.eng.macrometa.io
      x-gdn-requestid:
      - 4c90b44a-b136-45d0-a843-508118504ea8
      x-gdn-responsetime:
      - '10'
    status:
      code: 200
      message: ''
- request:
    body: '{"collection": "test_collection_3", "from": ["test_collection_4"], "to":
      ["test_collection_5"]}'
    headers:
      Accept:
      - '*/*'
      Accept-Encoding:
      - gzip, deflate
      Connection:
      - keep-alive
      Content-Length:
      - '95'
      User-Agent:
      - python-requests/2.25.1
      charset:
      - utf-8
      content-type:
      - application/json
    method: POST
    uri: https://api-dino-fra.eng.macrometa.io/_fabric/test_fabric_1/_api/graph/test_graph_1/edge
  response:
    body:
      string: '{"code":400,"error":true,"errorMessage":"test_collection_3 multi use
        of edge collection in edge def","errorNum":1920}'
    headers:
      Access-Control-Expose-Headers:
      - x-gdn-region, x-gdn-requestid, x-gdn-responsetime
      Connection:
      - keep-alive
      Content-Length:
      - '117'
      Content-Type:
      - application/json; charset=utf-8
      Server:
      - APISIX
      X-Content-Type-Options:
      - nosniff
      x-gdn-region:
      - dino-fra.eng.macrometa.io
      x-gdn-requestid:
      - f22e39d4-3e7a-4ffe-8f7c-990144ba90bf
      x-gdn-responsetime:
      - '3'
    status:
      code: 400
      message: Bad Request
- request:
    body: '{"collection": "test_collection_graph_13", "from": ["test_collection_graph_11"],
      "to": ["test_collection_graph_12"]}'
    headers:
      Accept:
      - '*/*'
      Accept-Encoding:
      - gzip, deflate
      Connection:
      - keep-alive
      Content-Length:
      - '116'
      User-Agent:
      - python-requests/2.25.1
      charset:
      - utf-8
      content-type:
      - application/json
    method: POST
    uri: https://api-dino-fra.eng.macrometa.io/_fabric/test_fabric_1/_api/graph/test_graph_1/edge
  response:
    body:
      string: '{"error":false,"code":202,"graph":{"_key":"test_graph_1","numberOfShards":1,"replicationFactor":1,"minReplicationFactor":1,"isSmart":false,"edgeDefinitions":[{"collection":"test_collection_3","from":["test_collection_4"],"to":["test_collection_5"]},{"collection":"test_collection_graph_13","from":["test_collection_graph_11"],"to":["test_collection_graph_12"]}],"orphanCollections":[],"_rev":"_fGkr0rW--_","_id":"_graphs/test_graph_1","name":"test_graph_1"}}'
    headers:
      Access-Control-Expose-Headers:
      - x-gdn-region, x-gdn-requestid, x-gdn-responsetime
      Connection:
      - keep-alive
      Content-Length:
      - '458'
      Content-Type:
      - application/json; charset=utf-8
      Etag:
      - _fGkr0rW--_
      Server:
      - APISIX
      X-Content-Type-Options:
      - nosniff
      x-gdn-region:
      - dino-fra.eng.macrometa.io
      x-gdn-requestid:
      - 78acb675-2e77-4bc5-b17c-d3f352037967
      x-gdn-responsetime:
      - '106'
    status:
      code: 202
      message: Accepted
- request:
    body: null
    headers:
      Accept:
      - '*/*'
      Accept-Encoding:
      - gzip, deflate
      Connection:
      - keep-alive
      User-Agent:
      - python-requests/2.25.1
      charset:
      - utf-8
      content-type:
      - application/json
    method: GET
    uri: https://api-dino-fra.eng.macrometa.io/_fabric/test_fabric_1/_api/graph/test_graph_1
  response:
    body:
      string: '{"error":false,"code":200,"graph":{"_key":"test_graph_1","numberOfShards":1,"replicationFactor":1,"minReplicationFactor":1,"isSmart":false,"edgeDefinitions":[{"collection":"test_collection_3","from":["test_collection_4"],"to":["test_collection_5"]},{"collection":"test_collection_graph_13","from":["test_collection_graph_11"],"to":["test_collection_graph_12"]}],"orphanCollections":[],"_rev":"_fGkr0rW--_","_id":"_graphs/test_graph_1","name":"test_graph_1"}}'
    headers:
      Access-Control-Expose-Headers:
      - x-gdn-region, x-gdn-requestid, x-gdn-responsetime
      Connection:
      - keep-alive
      Content-Length:
      - '458'
      Content-Type:
      - application/json; charset=utf-8
      Server:
      - APISIX
      X-Content-Type-Options:
      - nosniff
      x-gdn-region:
      - dino-fra.eng.macrometa.io
      x-gdn-requestid:
      - 41b2dd3a-a46b-47d7-8dcc-f7f8c72321a9
      x-gdn-responsetime:
      - '2'
    status:
      code: 200
      message: OK
- request:
    body: null
    headers:
      Accept:
      - '*/*'
      Accept-Encoding:
      - gzip, deflate
      Connection:
      - keep-alive
      User-Agent:
      - python-requests/2.25.1
      charset:
      - utf-8
      content-type:
      - application/json
    method: GET
    uri: https://api-dino-fra.eng.macrometa.io/_fabric/test_fabric_1/_api/collection
  response:
    body:
      string: '{"error":false,"code":200,"result":[{"id":"790509","name":"test_collection_graph_13","status":3,"type":3,"collectionModel":"DOC","isSpot":false,"isLocal":false,"hasStream":false,"waitForSync":false,"isSystem":false,"globallyUniqueId":"hB1D42EC62724/790509","searchEnabled":false},{"id":"790506","name":"test_collection_graph_11","status":3,"type":2,"collectionModel":"DOC","isSpot":false,"isLocal":false,"hasStream":false,"waitForSync":false,"isSystem":false,"globallyUniqueId":"hB1D42EC62724/790506","searchEnabled":false},{"id":"782006","name":"_dynamo","status":3,"type":2,"collectionModel":"DOC","isSpot":false,"isLocal":false,"hasStream":true,"waitForSync":false,"isSystem":true,"globallyUniqueId":"_dynamo","searchEnabled":false},{"id":"790503","name":"test_collection_graph_12","status":3,"type":2,"collectionModel":"DOC","isSpot":false,"isLocal":false,"hasStream":false,"waitForSync":false,"isSystem":false,"globallyUniqueId":"hB1D42EC62724/790503","searchEnabled":false},{"id":"782003","name":"_collections","status":3,"type":2,"collectionModel":"DOC","isSpot":false,"isLocal":true,"hasStream":false,"waitForSync":false,"isSystem":true,"globallyUniqueId":"_collections","searchEnabled":false},{"id":"782268","name":"test_collection_c8ql_1","status":3,"type":2,"collectionModel":"DOC","isSpot":false,"isLocal":false,"hasStream":false,"waitForSync":false,"isSystem":false,"globallyUniqueId":"hB1D42EC62724/782268","searchEnabled":false},{"id":"786934","name":"test_collection_cursor_1","status":3,"type":2,"collectionModel":"DOC","isSpot":false,"isLocal":false,"hasStream":false,"waitForSync":false,"isSystem":false,"globallyUniqueId":"hB1D42EC62724/786934","searchEnabled":false},{"id":"782343","name":"test_collection_c8ql_3","status":3,"type":2,"collectionModel":"DOC","isSpot":false,"isLocal":false,"hasStream":false,"waitForSync":false,"isSystem":false,"globallyUniqueId":"hB1D42EC62724/782343","searchEnabled":false},{"id":"790405","name":"test_collection_graph_6","status":3,"type":2,"collectionModel":"DOC","isSpot":false,"isLocal":false,"hasStream":false,"waitForSync":false,"isSystem":false,"globallyUniqueId":"hB1D42EC62724/790405","searchEnabled":false},{"id":"781963","name":"_analyzers","status":3,"type":2,"collectionModel":"DOC","isSpot":false,"isLocal":false,"hasStream":true,"waitForSync":false,"isSystem":true,"globallyUniqueId":"_analyzers","searchEnabled":false},{"id":"781960","name":"_graphs","status":3,"type":2,"collectionModel":"DOC","isSpot":false,"isLocal":false,"hasStream":true,"waitForSync":false,"isSystem":true,"globallyUniqueId":"_graphs","searchEnabled":false},{"id":"782047","name":"test_collection_2","status":3,"type":3,"collectionModel":"DOC","isSpot":false,"isLocal":false,"hasStream":false,"waitForSync":false,"isSystem":false,"globallyUniqueId":"hB1D42EC62724/782047","searchEnabled":false},{"id":"782017","name":"test_collection_1","status":3,"type":2,"collectionModel":"DOC","isSpot":false,"isLocal":false,"hasStream":false,"waitForSync":false,"isSystem":false,"globallyUniqueId":"hB1D42EC62724/782017","searchEnabled":false},{"id":"782080","name":"test_collection_5","status":3,"type":2,"collectionModel":"DOC","isSpot":false,"isLocal":false,"hasStream":false,"waitForSync":false,"isSystem":false,"globallyUniqueId":"hB1D42EC62724/782080","searchEnabled":false},{"id":"782092","name":"test_collection_3","status":3,"type":3,"collectionModel":"DOC","isSpot":false,"isLocal":false,"hasStream":false,"waitForSync":false,"isSystem":false,"globallyUniqueId":"hB1D42EC62724/782092","searchEnabled":false},{"id":"782382","name":"test_collection_c8ql_5","status":3,"type":2,"collectionModel":"DOC","isSpot":false,"isLocal":false,"hasStream":false,"waitForSync":false,"isSystem":false,"globallyUniqueId":"hB1D42EC62724/782382","searchEnabled":false},{"id":"782287","name":"test_collection_c8ql_2","status":3,"type":2,"collectionModel":"DOC","isSpot":false,"isLocal":false,"hasStream":false,"waitForSync":false,"isSystem":false,"globallyUniqueId":"hB1D42EC62724/782287","searchEnabled":false},{"id":"782009","name":"_replicationTest","status":3,"type":2,"collectionModel":"DOC","isSpot":false,"isLocal":false,"hasStream":true,"waitForSync":false,"isSystem":true,"globallyUniqueId":"_replicationTest","searchEnabled":false},{"id":"782068","name":"test_collection_4","status":3,"type":2,"collectionModel":"DOC","isSpot":false,"isLocal":false,"hasStream":false,"waitForSync":false,"isSystem":false,"globallyUniqueId":"hB1D42EC62724/782068","searchEnabled":false},{"id":"782363","name":"test_collection_c8ql_4","status":3,"type":2,"collectionModel":"DOC","isSpot":false,"isLocal":false,"hasStream":false,"waitForSync":false,"isSystem":false,"globallyUniqueId":"hB1D42EC62724/782363","searchEnabled":false},{"id":"782492","name":"test_collection_c8ql_6","status":3,"type":2,"collectionModel":"DOC","isSpot":false,"isLocal":false,"hasStream":false,"waitForSync":false,"isSystem":false,"globallyUniqueId":"hB1D42EC62724/782492","searchEnabled":false},{"id":"784580","name":"test_collection_c8ql_7","status":3,"type":2,"collectionModel":"DOC","isSpot":false,"isLocal":false,"hasStream":false,"waitForSync":false,"isSystem":false,"globallyUniqueId":"hB1D42EC62724/784580","searchEnabled":false}]}'
    headers:
      Access-Control-Expose-Headers:
      - x-gdn-region, x-gdn-requestid, x-gdn-responsetime
      Connection:
      - keep-alive
      Content-Type:
      - application/json
      Date:
      - Fri, 18 Nov 2022 07:39:42 GMT
      Server:
      - APISIX
      Transfer-Encoding:
      - chunked
      Vary:
      - Origin
      - Access-Control-Request-Method
      - Access-Control-Request-Headers
      x-gdn-region:
      - dino-fra.eng.macrometa.io
      x-gdn-requestid:
      - 8b0913f5-4510-44ab-9392-d6970da00000
      x-gdn-responsetime:
      - '16'
    status:
      code: 200
      message: ''
- request:
    body: null
    headers:
      Accept:
      - '*/*'
      Accept-Encoding:
      - gzip, deflate
      Connection:
      - keep-alive
      User-Agent:
      - python-requests/2.25.1
      charset:
      - utf-8
      content-type:
      - application/json
    method: GET
    uri: https://api-dino-fra.eng.macrometa.io/_fabric/test_fabric_1/_api/graph/test_graph_1/vertex
  response:
    body:
      string: '{"error":false,"code":200,"collections":["test_collection_4","test_collection_5","test_collection_graph_11","test_collection_graph_12"]}'
    headers:
      Access-Control-Expose-Headers:
      - x-gdn-region, x-gdn-requestid, x-gdn-responsetime
      Connection:
      - keep-alive
      Content-Length:
      - '136'
      Content-Type:
      - application/json; charset=utf-8
      Server:
      - APISIX
      X-Content-Type-Options:
      - nosniff
      x-gdn-region:
      - dino-fra.eng.macrometa.io
      x-gdn-requestid:
      - 62fd9c6d-046f-4285-adfd-a931e2fffa6e
      x-gdn-responsetime:
      - '2'
    status:
      code: 200
      message: OK
- request:
    body: '{"collection": "test_collection_graph_15", "from": ["test_collection_graph_14"],
      "to": ["test_collection_graph_14"]}'
    headers:
      Accept:
      - '*/*'
      Accept-Encoding:
      - gzip, deflate
      Connection:
      - keep-alive
      Content-Length:
      - '116'
      User-Agent:
      - python-requests/2.25.1
      charset:
      - utf-8
      content-type:
      - application/json
    method: POST
    uri: https://api-dino-fra.eng.macrometa.io/_fabric/test_fabric_1/_api/graph/test_graph_1/edge
  response:
    body:
      string: '{"error":false,"code":202,"graph":{"_key":"test_graph_1","numberOfShards":1,"replicationFactor":1,"minReplicationFactor":1,"isSmart":false,"edgeDefinitions":[{"collection":"test_collection_3","from":["test_collection_4"],"to":["test_collection_5"]},{"collection":"test_collection_graph_13","from":["test_collection_graph_11"],"to":["test_collection_graph_12"]},{"collection":"test_collection_graph_15","from":["test_collection_graph_14"],"to":["test_collection_graph_14"]}],"orphanCollections":[],"_rev":"_fGkr1bK--_","_id":"_graphs/test_graph_1","name":"test_graph_1"}}'
    headers:
      Access-Control-Expose-Headers:
      - x-gdn-region, x-gdn-requestid, x-gdn-responsetime
      Connection:
      - keep-alive
      Content-Length:
      - '570'
      Content-Type:
      - application/json; charset=utf-8
      Etag:
      - _fGkr1bK--_
      Server:
      - APISIX
      X-Content-Type-Options:
      - nosniff
      x-gdn-region:
      - dino-fra.eng.macrometa.io
      x-gdn-requestid:
      - 6b0f9ded-2a70-40bf-903c-7e3e2add678f
      x-gdn-responsetime:
      - '81'
    status:
      code: 202
      message: Accepted
- request:
    body: null
    headers:
      Accept:
      - '*/*'
      Accept-Encoding:
      - gzip, deflate
      Connection:
      - keep-alive
      User-Agent:
      - python-requests/2.25.1
      charset:
      - utf-8
      content-type:
      - application/json
    method: GET
    uri: https://api-dino-fra.eng.macrometa.io/_fabric/test_fabric_1/_api/graph/test_graph_1
  response:
    body:
      string: '{"error":false,"code":200,"graph":{"_key":"test_graph_1","numberOfShards":1,"replicationFactor":1,"minReplicationFactor":1,"isSmart":false,"edgeDefinitions":[{"collection":"test_collection_3","from":["test_collection_4"],"to":["test_collection_5"]},{"collection":"test_collection_graph_13","from":["test_collection_graph_11"],"to":["test_collection_graph_12"]},{"collection":"test_collection_graph_15","from":["test_collection_graph_14"],"to":["test_collection_graph_14"]}],"orphanCollections":[],"_rev":"_fGkr1bK--_","_id":"_graphs/test_graph_1","name":"test_graph_1"}}'
    headers:
      Access-Control-Expose-Headers:
      - x-gdn-region, x-gdn-requestid, x-gdn-responsetime
      Connection:
      - keep-alive
      Content-Length:
      - '570'
      Content-Type:
      - application/json; charset=utf-8
      Server:
      - APISIX
      X-Content-Type-Options:
      - nosniff
      x-gdn-region:
      - dino-fra.eng.macrometa.io
      x-gdn-requestid:
      - e788521a-69b9-4d0c-b9d4-31f5cef363e1
      x-gdn-responsetime:
      - '3'
    status:
      code: 200
      message: OK
- request:
    body: null
    headers:
      Accept:
      - '*/*'
      Accept-Encoding:
      - gzip, deflate
      Connection:
      - keep-alive
      User-Agent:
      - python-requests/2.25.1
      charset:
      - utf-8
      content-type:
      - application/json
    method: GET
    uri: https://api-dino-fra.eng.macrometa.io/_fabric/test_fabric_1/_api/graph/test_graph_1
  response:
    body:
      string: '{"error":false,"code":200,"graph":{"_key":"test_graph_1","numberOfShards":1,"replicationFactor":1,"minReplicationFactor":1,"isSmart":false,"edgeDefinitions":[{"collection":"test_collection_3","from":["test_collection_4"],"to":["test_collection_5"]},{"collection":"test_collection_graph_13","from":["test_collection_graph_11"],"to":["test_collection_graph_12"]},{"collection":"test_collection_graph_15","from":["test_collection_graph_14"],"to":["test_collection_graph_14"]}],"orphanCollections":[],"_rev":"_fGkr1bK--_","_id":"_graphs/test_graph_1","name":"test_graph_1"}}'
    headers:
      Access-Control-Expose-Headers:
      - x-gdn-region, x-gdn-requestid, x-gdn-responsetime
      Connection:
      - keep-alive
      Content-Length:
      - '570'
      Content-Type:
      - application/json; charset=utf-8
      Server:
      - APISIX
      X-Content-Type-Options:
      - nosniff
      x-gdn-region:
      - dino-fra.eng.macrometa.io
      x-gdn-requestid:
      - deab7ef0-f958-42d2-8d54-d377b24a0ddc
      x-gdn-responsetime:
      - '4'
    status:
      code: 200
      message: OK
- request:
    body: null
    headers:
      Accept:
      - '*/*'
      Accept-Encoding:
      - gzip, deflate
      Connection:
      - keep-alive
      User-Agent:
      - python-requests/2.25.1
      charset:
      - utf-8
      content-type:
      - application/json
    method: GET
    uri: https://api-dino-fra.eng.macrometa.io/_fabric/test_fabric_1/_api/graph/test_graph_1
  response:
    body:
      string: '{"error":false,"code":200,"graph":{"_key":"test_graph_1","numberOfShards":1,"replicationFactor":1,"minReplicationFactor":1,"isSmart":false,"edgeDefinitions":[{"collection":"test_collection_3","from":["test_collection_4"],"to":["test_collection_5"]},{"collection":"test_collection_graph_13","from":["test_collection_graph_11"],"to":["test_collection_graph_12"]},{"collection":"test_collection_graph_15","from":["test_collection_graph_14"],"to":["test_collection_graph_14"]}],"orphanCollections":[],"_rev":"_fGkr1bK--_","_id":"_graphs/test_graph_1","name":"test_graph_1"}}'
    headers:
      Access-Control-Expose-Headers:
      - x-gdn-region, x-gdn-requestid, x-gdn-responsetime
      Connection:
      - keep-alive
      Content-Length:
      - '570'
      Content-Type:
      - application/json; charset=utf-8
      Server:
      - APISIX
      X-Content-Type-Options:
      - nosniff
      x-gdn-region:
      - dino-fra.eng.macrometa.io
      x-gdn-requestid:
      - 8a879026-f107-4e1a-9df9-afe8127b004e
      x-gdn-responsetime:
      - '4'
    status:
      code: 200
      message: OK
- request:
    body: null
    headers:
      Accept:
      - '*/*'
      Accept-Encoding:
      - gzip, deflate
      Connection:
      - keep-alive
      User-Agent:
      - python-requests/2.25.1
      charset:
      - utf-8
      content-type:
      - application/json
    method: GET
    uri: https://api-dino-fra.eng.macrometa.io/_fabric/test_fabric_1/_api/graph/test_graph_1/vertex
  response:
    body:
      string: '{"error":false,"code":200,"collections":["test_collection_4","test_collection_5","test_collection_graph_11","test_collection_graph_12","test_collection_graph_14"]}'
    headers:
      Access-Control-Expose-Headers:
      - x-gdn-region, x-gdn-requestid, x-gdn-responsetime
      Connection:
      - keep-alive
      Content-Length:
      - '163'
      Content-Type:
      - application/json; charset=utf-8
      Server:
      - APISIX
      X-Content-Type-Options:
      - nosniff
      x-gdn-region:
      - dino-fra.eng.macrometa.io
      x-gdn-requestid:
      - 6990fa6a-d9b3-4f60-8644-c952116452fa
      x-gdn-responsetime:
      - '1'
    status:
      code: 200
      message: OK
- request:
    body: null
    headers:
      Accept:
      - '*/*'
      Accept-Encoding:
      - gzip, deflate
      Connection:
      - keep-alive
      User-Agent:
      - python-requests/2.25.1
      charset:
      - utf-8
      content-type:
      - application/json
    method: GET
    uri: https://api-dino-fra.eng.macrometa.io/_fabric/test_fabric_1/_api/collection
  response:
    body:
      string: '{"error":false,"code":200,"result":[{"id":"790537","name":"test_collection_graph_15","status":3,"type":3,"collectionModel":"DOC","isSpot":false,"isLocal":false,"hasStream":false,"waitForSync":false,"isSystem":false,"globallyUniqueId":"hB1D42EC62724/790537","searchEnabled":false},{"id":"790534","name":"test_collection_graph_14","status":3,"type":2,"collectionModel":"DOC","isSpot":false,"isLocal":false,"hasStream":false,"waitForSync":false,"isSystem":false,"globallyUniqueId":"hB1D42EC62724/790534","searchEnabled":false},{"id":"790509","name":"test_collection_graph_13","status":3,"type":3,"collectionModel":"DOC","isSpot":false,"isLocal":false,"hasStream":false,"waitForSync":false,"isSystem":false,"globallyUniqueId":"hB1D42EC62724/790509","searchEnabled":false},{"id":"790506","name":"test_collection_graph_11","status":3,"type":2,"collectionModel":"DOC","isSpot":false,"isLocal":false,"hasStream":false,"waitForSync":false,"isSystem":false,"globallyUniqueId":"hB1D42EC62724/790506","searchEnabled":false},{"id":"782006","name":"_dynamo","status":3,"type":2,"collectionModel":"DOC","isSpot":false,"isLocal":false,"hasStream":true,"waitForSync":false,"isSystem":true,"globallyUniqueId":"_dynamo","searchEnabled":false},{"id":"790503","name":"test_collection_graph_12","status":3,"type":2,"collectionModel":"DOC","isSpot":false,"isLocal":false,"hasStream":false,"waitForSync":false,"isSystem":false,"globallyUniqueId":"hB1D42EC62724/790503","searchEnabled":false},{"id":"782003","name":"_collections","status":3,"type":2,"collectionModel":"DOC","isSpot":false,"isLocal":true,"hasStream":false,"waitForSync":false,"isSystem":true,"globallyUniqueId":"_collections","searchEnabled":false},{"id":"782268","name":"test_collection_c8ql_1","status":3,"type":2,"collectionModel":"DOC","isSpot":false,"isLocal":false,"hasStream":false,"waitForSync":false,"isSystem":false,"globallyUniqueId":"hB1D42EC62724/782268","searchEnabled":false},{"id":"786934","name":"test_collection_cursor_1","status":3,"type":2,"collectionModel":"DOC","isSpot":false,"isLocal":false,"hasStream":false,"waitForSync":false,"isSystem":false,"globallyUniqueId":"hB1D42EC62724/786934","searchEnabled":false},{"id":"782343","name":"test_collection_c8ql_3","status":3,"type":2,"collectionModel":"DOC","isSpot":false,"isLocal":false,"hasStream":false,"waitForSync":false,"isSystem":false,"globallyUniqueId":"hB1D42EC62724/782343","searchEnabled":false},{"id":"790405","name":"test_collection_graph_6","status":3,"type":2,"collectionModel":"DOC","isSpot":false,"isLocal":false,"hasStream":false,"waitForSync":false,"isSystem":false,"globallyUniqueId":"hB1D42EC62724/790405","searchEnabled":false},{"id":"781963","name":"_analyzers","status":3,"type":2,"collectionModel":"DOC","isSpot":false,"isLocal":false,"hasStream":true,"waitForSync":false,"isSystem":true,"globallyUniqueId":"_analyzers","searchEnabled":false},{"id":"781960","name":"_graphs","status":3,"type":2,"collectionModel":"DOC","isSpot":false,"isLocal":false,"hasStream":true,"waitForSync":false,"isSystem":true,"globallyUniqueId":"_graphs","searchEnabled":false},{"id":"782047","name":"test_collection_2","status":3,"type":3,"collectionModel":"DOC","isSpot":false,"isLocal":false,"hasStream":false,"waitForSync":false,"isSystem":false,"globallyUniqueId":"hB1D42EC62724/782047","searchEnabled":false},{"id":"782017","name":"test_collection_1","status":3,"type":2,"collectionModel":"DOC","isSpot":false,"isLocal":false,"hasStream":false,"waitForSync":false,"isSystem":false,"globallyUniqueId":"hB1D42EC62724/782017","searchEnabled":false},{"id":"782080","name":"test_collection_5","status":3,"type":2,"collectionModel":"DOC","isSpot":false,"isLocal":false,"hasStream":false,"waitForSync":false,"isSystem":false,"globallyUniqueId":"hB1D42EC62724/782080","searchEnabled":false},{"id":"782092","name":"test_collection_3","status":3,"type":3,"collectionModel":"DOC","isSpot":false,"isLocal":false,"hasStream":false,"waitForSync":false,"isSystem":false,"globallyUniqueId":"hB1D42EC62724/782092","searchEnabled":false},{"id":"782382","name":"test_collection_c8ql_5","status":3,"type":2,"collectionModel":"DOC","isSpot":false,"isLocal":false,"hasStream":false,"waitForSync":false,"isSystem":false,"globallyUniqueId":"hB1D42EC62724/782382","searchEnabled":false},{"id":"782287","name":"test_collection_c8ql_2","status":3,"type":2,"collectionModel":"DOC","isSpot":false,"isLocal":false,"hasStream":false,"waitForSync":false,"isSystem":false,"globallyUniqueId":"hB1D42EC62724/782287","searchEnabled":false},{"id":"782009","name":"_replicationTest","status":3,"type":2,"collectionModel":"DOC","isSpot":false,"isLocal":false,"hasStream":true,"waitForSync":false,"isSystem":true,"globallyUniqueId":"_replicationTest","searchEnabled":false},{"id":"782068","name":"test_collection_4","status":3,"type":2,"collectionModel":"DOC","isSpot":false,"isLocal":false,"hasStream":false,"waitForSync":false,"isSystem":false,"globallyUniqueId":"hB1D42EC62724/782068","searchEnabled":false},{"id":"782363","name":"test_collection_c8ql_4","status":3,"type":2,"collectionModel":"DOC","isSpot":false,"isLocal":false,"hasStream":false,"waitForSync":false,"isSystem":false,"globallyUniqueId":"hB1D42EC62724/782363","searchEnabled":false},{"id":"782492","name":"test_collection_c8ql_6","status":3,"type":2,"collectionModel":"DOC","isSpot":false,"isLocal":false,"hasStream":false,"waitForSync":false,"isSystem":false,"globallyUniqueId":"hB1D42EC62724/782492","searchEnabled":false},{"id":"784580","name":"test_collection_c8ql_7","status":3,"type":2,"collectionModel":"DOC","isSpot":false,"isLocal":false,"hasStream":false,"waitForSync":false,"isSystem":false,"globallyUniqueId":"hB1D42EC62724/784580","searchEnabled":false}]}'
    headers:
      Access-Control-Expose-Headers:
      - x-gdn-region, x-gdn-requestid, x-gdn-responsetime
      Connection:
      - keep-alive
      Content-Type:
      - application/json
      Date:
      - Fri, 18 Nov 2022 07:39:44 GMT
      Server:
      - APISIX
      Transfer-Encoding:
      - chunked
      Vary:
      - Origin
      - Access-Control-Request-Method
      - Access-Control-Request-Headers
      x-gdn-region:
      - dino-fra.eng.macrometa.io
      x-gdn-requestid:
      - 31e0e87b-00ba-46c6-86d5-07d5257792ab
      x-gdn-responsetime:
      - '16'
    status:
      code: 200
      message: ''
- request:
    body: null
    headers:
      Accept:
      - '*/*'
      Accept-Encoding:
      - gzip, deflate
      Connection:
      - keep-alive
      User-Agent:
      - python-requests/2.25.1
      charset:
      - utf-8
      content-type:
      - application/json
    method: GET
    uri: https://api-dino-fra.eng.macrometa.io/_fabric/test_fabric_1/_api/collection
  response:
    body:
      string: '{"error":false,"code":200,"result":[{"id":"790537","name":"test_collection_graph_15","status":3,"type":3,"collectionModel":"DOC","isSpot":false,"isLocal":false,"hasStream":false,"waitForSync":false,"isSystem":false,"globallyUniqueId":"hB1D42EC62724/790537","searchEnabled":false},{"id":"790534","name":"test_collection_graph_14","status":3,"type":2,"collectionModel":"DOC","isSpot":false,"isLocal":false,"hasStream":false,"waitForSync":false,"isSystem":false,"globallyUniqueId":"hB1D42EC62724/790534","searchEnabled":false},{"id":"790509","name":"test_collection_graph_13","status":3,"type":3,"collectionModel":"DOC","isSpot":false,"isLocal":false,"hasStream":false,"waitForSync":false,"isSystem":false,"globallyUniqueId":"hB1D42EC62724/790509","searchEnabled":false},{"id":"790506","name":"test_collection_graph_11","status":3,"type":2,"collectionModel":"DOC","isSpot":false,"isLocal":false,"hasStream":false,"waitForSync":false,"isSystem":false,"globallyUniqueId":"hB1D42EC62724/790506","searchEnabled":false},{"id":"782006","name":"_dynamo","status":3,"type":2,"collectionModel":"DOC","isSpot":false,"isLocal":false,"hasStream":true,"waitForSync":false,"isSystem":true,"globallyUniqueId":"_dynamo","searchEnabled":false},{"id":"790503","name":"test_collection_graph_12","status":3,"type":2,"collectionModel":"DOC","isSpot":false,"isLocal":false,"hasStream":false,"waitForSync":false,"isSystem":false,"globallyUniqueId":"hB1D42EC62724/790503","searchEnabled":false},{"id":"782003","name":"_collections","status":3,"type":2,"collectionModel":"DOC","isSpot":false,"isLocal":true,"hasStream":false,"waitForSync":false,"isSystem":true,"globallyUniqueId":"_collections","searchEnabled":false},{"id":"782268","name":"test_collection_c8ql_1","status":3,"type":2,"collectionModel":"DOC","isSpot":false,"isLocal":false,"hasStream":false,"waitForSync":false,"isSystem":false,"globallyUniqueId":"hB1D42EC62724/782268","searchEnabled":false},{"id":"786934","name":"test_collection_cursor_1","status":3,"type":2,"collectionModel":"DOC","isSpot":false,"isLocal":false,"hasStream":false,"waitForSync":false,"isSystem":false,"globallyUniqueId":"hB1D42EC62724/786934","searchEnabled":false},{"id":"782343","name":"test_collection_c8ql_3","status":3,"type":2,"collectionModel":"DOC","isSpot":false,"isLocal":false,"hasStream":false,"waitForSync":false,"isSystem":false,"globallyUniqueId":"hB1D42EC62724/782343","searchEnabled":false},{"id":"790405","name":"test_collection_graph_6","status":3,"type":2,"collectionModel":"DOC","isSpot":false,"isLocal":false,"hasStream":false,"waitForSync":false,"isSystem":false,"globallyUniqueId":"hB1D42EC62724/790405","searchEnabled":false},{"id":"781963","name":"_analyzers","status":3,"type":2,"collectionModel":"DOC","isSpot":false,"isLocal":false,"hasStream":true,"waitForSync":false,"isSystem":true,"globallyUniqueId":"_analyzers","searchEnabled":false},{"id":"781960","name":"_graphs","status":3,"type":2,"collectionModel":"DOC","isSpot":false,"isLocal":false,"hasStream":true,"waitForSync":false,"isSystem":true,"globallyUniqueId":"_graphs","searchEnabled":false},{"id":"782047","name":"test_collection_2","status":3,"type":3,"collectionModel":"DOC","isSpot":false,"isLocal":false,"hasStream":false,"waitForSync":false,"isSystem":false,"globallyUniqueId":"hB1D42EC62724/782047","searchEnabled":false},{"id":"782017","name":"test_collection_1","status":3,"type":2,"collectionModel":"DOC","isSpot":false,"isLocal":false,"hasStream":false,"waitForSync":false,"isSystem":false,"globallyUniqueId":"hB1D42EC62724/782017","searchEnabled":false},{"id":"782080","name":"test_collection_5","status":3,"type":2,"collectionModel":"DOC","isSpot":false,"isLocal":false,"hasStream":false,"waitForSync":false,"isSystem":false,"globallyUniqueId":"hB1D42EC62724/782080","searchEnabled":false},{"id":"782092","name":"test_collection_3","status":3,"type":3,"collectionModel":"DOC","isSpot":false,"isLocal":false,"hasStream":false,"waitForSync":false,"isSystem":false,"globallyUniqueId":"hB1D42EC62724/782092","searchEnabled":false},{"id":"782382","name":"test_collection_c8ql_5","status":3,"type":2,"collectionModel":"DOC","isSpot":false,"isLocal":false,"hasStream":false,"waitForSync":false,"isSystem":false,"globallyUniqueId":"hB1D42EC62724/782382","searchEnabled":false},{"id":"782287","name":"test_collection_c8ql_2","status":3,"type":2,"collectionModel":"DOC","isSpot":false,"isLocal":false,"hasStream":false,"waitForSync":false,"isSystem":false,"globallyUniqueId":"hB1D42EC62724/782287","searchEnabled":false},{"id":"782009","name":"_replicationTest","status":3,"type":2,"collectionModel":"DOC","isSpot":false,"isLocal":false,"hasStream":true,"waitForSync":false,"isSystem":true,"globallyUniqueId":"_replicationTest","searchEnabled":false},{"id":"782068","name":"test_collection_4","status":3,"type":2,"collectionModel":"DOC","isSpot":false,"isLocal":false,"hasStream":false,"waitForSync":false,"isSystem":false,"globallyUniqueId":"hB1D42EC62724/782068","searchEnabled":false},{"id":"782363","name":"test_collection_c8ql_4","status":3,"type":2,"collectionModel":"DOC","isSpot":false,"isLocal":false,"hasStream":false,"waitForSync":false,"isSystem":false,"globallyUniqueId":"hB1D42EC62724/782363","searchEnabled":false},{"id":"782492","name":"test_collection_c8ql_6","status":3,"type":2,"collectionModel":"DOC","isSpot":false,"isLocal":false,"hasStream":false,"waitForSync":false,"isSystem":false,"globallyUniqueId":"hB1D42EC62724/782492","searchEnabled":false},{"id":"784580","name":"test_collection_c8ql_7","status":3,"type":2,"collectionModel":"DOC","isSpot":false,"isLocal":false,"hasStream":false,"waitForSync":false,"isSystem":false,"globallyUniqueId":"hB1D42EC62724/784580","searchEnabled":false}]}'
    headers:
      Access-Control-Expose-Headers:
      - x-gdn-region, x-gdn-requestid, x-gdn-responsetime
      Connection:
      - keep-alive
      Content-Type:
      - application/json
      Date:
      - Fri, 18 Nov 2022 07:39:44 GMT
      Server:
      - APISIX
      Transfer-Encoding:
      - chunked
      Vary:
      - Origin
      - Access-Control-Request-Method
      - Access-Control-Request-Headers
      x-gdn-region:
      - dino-fra.eng.macrometa.io
      x-gdn-requestid:
      - c004fcd9-b22c-478c-b8d0-36bd479ba490
      x-gdn-responsetime:
      - '11'
    status:
      code: 200
      message: ''
- request:
    body: '{"collection": "test_collection_graph_15", "from": ["test_collection_graph_12"],
      "to": ["test_collection_graph_11"]}'
    headers:
      Accept:
      - '*/*'
      Accept-Encoding:
      - gzip, deflate
      Connection:
      - keep-alive
      Content-Length:
      - '116'
      User-Agent:
      - python-requests/2.25.1
      charset:
      - utf-8
      content-type:
      - application/json
    method: PUT
    uri: https://api-dino-fra.eng.macrometa.io/_fabric/test_fabric_1/_api/graph/test_graph_1/edge/test_collection_graph_15
  response:
    body:
      string: '{"error":false,"code":202,"graph":{"_key":"test_graph_1","numberOfShards":1,"replicationFactor":1,"minReplicationFactor":1,"isSmart":false,"edgeDefinitions":[{"collection":"test_collection_3","from":["test_collection_4"],"to":["test_collection_5"]},{"collection":"test_collection_graph_13","from":["test_collection_graph_11"],"to":["test_collection_graph_12"]},{"collection":"test_collection_graph_15","from":["test_collection_graph_12"],"to":["test_collection_graph_11"]}],"orphanCollections":["test_collection_graph_14"],"_rev":"_fGkr2nW--B","_id":"_graphs/test_graph_1","name":"test_graph_1"}}'
    headers:
      Access-Control-Expose-Headers:
      - x-gdn-region, x-gdn-requestid, x-gdn-responsetime
      Connection:
      - keep-alive
      Content-Length:
      - '596'
      Content-Type:
      - application/json; charset=utf-8
      Etag:
      - _fGkr2nW--B
      Server:
      - APISIX
      X-Content-Type-Options:
      - nosniff
      x-gdn-region:
      - dino-fra.eng.macrometa.io
      x-gdn-requestid:
      - ebe6babf-2955-44fd-be89-6e811383522d
      x-gdn-responsetime:
      - '4'
    status:
      code: 202
      message: Accepted
- request:
    body: null
    headers:
      Accept:
      - '*/*'
      Accept-Encoding:
      - gzip, deflate
      Connection:
      - keep-alive
      User-Agent:
      - python-requests/2.25.1
      charset:
      - utf-8
      content-type:
      - application/json
    method: GET
    uri: https://api-dino-fra.eng.macrometa.io/_fabric/test_fabric_1/_api/graph/test_graph_1
  response:
    body:
      string: '{"error":false,"code":200,"graph":{"_key":"test_graph_1","numberOfShards":1,"replicationFactor":1,"minReplicationFactor":1,"isSmart":false,"edgeDefinitions":[{"collection":"test_collection_3","from":["test_collection_4"],"to":["test_collection_5"]},{"collection":"test_collection_graph_13","from":["test_collection_graph_11"],"to":["test_collection_graph_12"]},{"collection":"test_collection_graph_15","from":["test_collection_graph_12"],"to":["test_collection_graph_11"]}],"orphanCollections":["test_collection_graph_14"],"_rev":"_fGkr2nW--B","_id":"_graphs/test_graph_1","name":"test_graph_1"}}'
    headers:
      Access-Control-Expose-Headers:
      - x-gdn-region, x-gdn-requestid, x-gdn-responsetime
      Connection:
      - keep-alive
      Content-Length:
      - '596'
      Content-Type:
      - application/json; charset=utf-8
      Server:
      - APISIX
      X-Content-Type-Options:
      - nosniff
      x-gdn-region:
      - dino-fra.eng.macrometa.io
      x-gdn-requestid:
      - c99f01e2-e66b-4564-8193-a2ee262e70c9
      x-gdn-responsetime:
      - '2'
    status:
      code: 200
      message: OK
- request:
    body: '{"collection": "test_collection_graph_16", "from": [], "to": ["test_collection_graph_11"]}'
    headers:
      Accept:
      - '*/*'
      Accept-Encoding:
      - gzip, deflate
      Connection:
      - keep-alive
      Content-Length:
      - '90'
      User-Agent:
      - python-requests/2.25.1
      charset:
      - utf-8
      content-type:
      - application/json
    method: PUT
    uri: https://api-dino-fra.eng.macrometa.io/_fabric/test_fabric_1/_api/graph/test_graph_1/edge/test_collection_graph_16
  response:
    body:
      string: '{"code":400,"error":true,"errorMessage":"malformed edge definition","errorNum":1923}'
    headers:
      Access-Control-Expose-Headers:
      - x-gdn-region, x-gdn-requestid, x-gdn-responsetime
      Connection:
      - keep-alive
      Content-Length:
      - '84'
      Content-Type:
      - application/json; charset=utf-8
      Server:
      - APISIX
      X-Content-Type-Options:
      - nosniff
      x-gdn-region:
      - dino-fra.eng.macrometa.io
      x-gdn-requestid:
      - f103d8c8-3bfa-4719-9237-a400c5d43163
      x-gdn-responsetime:
      - '3'
    status:
      code: 400
      message: Bad Request
- request:
    body: null
    headers:
      Accept:
      - '*/*'
      Accept-Encoding:
      - gzip, deflate
      Connection:
      - keep-alive
      Content-Length:
      - '0'
      User-Agent:
      - python-requests/2.25.1
      charset:
      - utf-8
      content-type:
      - application/json
    method: DELETE
    uri: https://api-dino-fra.eng.macrometa.io/_fabric/test_fabric_1/_api/graph/test_graph_1/edge/test_collection_graph_16?dropCollection=0
  response:
    body:
      string: '{"code":404,"error":true,"errorMessage":"edge collection not used in
        graph","errorNum":1930}'
    headers:
      Access-Control-Expose-Headers:
      - x-gdn-region, x-gdn-requestid, x-gdn-responsetime
      Connection:
      - keep-alive
      Content-Length:
      - '92'
      Content-Type:
      - application/json; charset=utf-8
      Server:
      - APISIX
      X-Content-Type-Options:
      - nosniff
      x-gdn-region:
      - dino-fra.eng.macrometa.io
      x-gdn-requestid:
      - a4024b18-61a7-4de4-a14f-55a57a0cd88e
      x-gdn-responsetime:
      - '2'
    status:
      code: 404
      message: Not Found
- request:
    body: null
    headers:
      Accept:
      - '*/*'
      Accept-Encoding:
      - gzip, deflate
      Connection:
      - keep-alive
      Content-Length:
      - '0'
      User-Agent:
      - python-requests/2.25.1
      charset:
      - utf-8
      content-type:
      - application/json
    method: DELETE
    uri: https://api-dino-fra.eng.macrometa.io/_fabric/test_fabric_1/_api/graph/test_graph_1/edge/test_collection_graph_15?dropCollection=1
  response:
    body:
      string: '{"error":false,"code":202,"graph":{"_key":"test_graph_1","numberOfShards":1,"replicationFactor":1,"minReplicationFactor":1,"isSmart":false,"edgeDefinitions":[{"collection":"test_collection_3","from":["test_collection_4"],"to":["test_collection_5"]},{"collection":"test_collection_graph_13","from":["test_collection_graph_11"],"to":["test_collection_graph_12"]}],"orphanCollections":["test_collection_graph_14"],"_rev":"_fGkr3TC--_","_id":"_graphs/test_graph_1","name":"test_graph_1"}}'
    headers:
      Access-Control-Expose-Headers:
      - x-gdn-region, x-gdn-requestid, x-gdn-responsetime
      Connection:
      - keep-alive
      Content-Length:
      - '484'
      Content-Type:
      - application/json; charset=utf-8
      Etag:
      - _fGkr3TC--_
      Server:
      - APISIX
      X-Content-Type-Options:
      - nosniff
      x-gdn-region:
      - dino-fra.eng.macrometa.io
      x-gdn-requestid:
      - 482c2a22-70ad-4a4d-abf8-a4b0c99d2c2b
      x-gdn-responsetime:
      - '4'
    status:
      code: 202
      message: Accepted
- request:
    body: null
    headers:
      Accept:
      - '*/*'
      Accept-Encoding:
      - gzip, deflate
      Connection:
      - keep-alive
      User-Agent:
      - python-requests/2.25.1
      charset:
      - utf-8
      content-type:
      - application/json
    method: GET
    uri: https://api-dino-fra.eng.macrometa.io/_fabric/test_fabric_1/_api/graph/test_graph_1
  response:
    body:
      string: '{"error":false,"code":200,"graph":{"_key":"test_graph_1","numberOfShards":1,"replicationFactor":1,"minReplicationFactor":1,"isSmart":false,"edgeDefinitions":[{"collection":"test_collection_3","from":["test_collection_4"],"to":["test_collection_5"]},{"collection":"test_collection_graph_13","from":["test_collection_graph_11"],"to":["test_collection_graph_12"]}],"orphanCollections":["test_collection_graph_14"],"_rev":"_fGkr3TC--_","_id":"_graphs/test_graph_1","name":"test_graph_1"}}'
    headers:
      Access-Control-Expose-Headers:
      - x-gdn-region, x-gdn-requestid, x-gdn-responsetime
      Connection:
      - keep-alive
      Content-Length:
      - '484'
      Content-Type:
      - application/json; charset=utf-8
      Server:
      - APISIX
      X-Content-Type-Options:
      - nosniff
      x-gdn-region:
      - dino-fra.eng.macrometa.io
      x-gdn-requestid:
      - dd09f4da-a2d1-463f-90ef-c94a143805b0
      x-gdn-responsetime:
      - '2'
    status:
      code: 200
      message: OK
- request:
    body: null
    headers:
      Accept:
      - '*/*'
      Accept-Encoding:
      - gzip, deflate
      Connection:
      - keep-alive
      User-Agent:
      - python-requests/2.25.1
      charset:
      - utf-8
      content-type:
      - application/json
    method: GET
    uri: https://api-dino-fra.eng.macrometa.io/_fabric/test_fabric_1/_api/collection
  response:
    body:
      string: '{"error":false,"code":200,"result":[{"id":"790537","name":"test_collection_graph_15","status":3,"type":3,"collectionModel":"DOC","isSpot":false,"isLocal":false,"hasStream":false,"waitForSync":false,"isSystem":false,"globallyUniqueId":"hB1D42EC62724/790537","searchEnabled":false},{"id":"790534","name":"test_collection_graph_14","status":3,"type":2,"collectionModel":"DOC","isSpot":false,"isLocal":false,"hasStream":false,"waitForSync":false,"isSystem":false,"globallyUniqueId":"hB1D42EC62724/790534","searchEnabled":false},{"id":"790509","name":"test_collection_graph_13","status":3,"type":3,"collectionModel":"DOC","isSpot":false,"isLocal":false,"hasStream":false,"waitForSync":false,"isSystem":false,"globallyUniqueId":"hB1D42EC62724/790509","searchEnabled":false},{"id":"790506","name":"test_collection_graph_11","status":3,"type":2,"collectionModel":"DOC","isSpot":false,"isLocal":false,"hasStream":false,"waitForSync":false,"isSystem":false,"globallyUniqueId":"hB1D42EC62724/790506","searchEnabled":false},{"id":"782006","name":"_dynamo","status":3,"type":2,"collectionModel":"DOC","isSpot":false,"isLocal":false,"hasStream":true,"waitForSync":false,"isSystem":true,"globallyUniqueId":"_dynamo","searchEnabled":false},{"id":"790503","name":"test_collection_graph_12","status":3,"type":2,"collectionModel":"DOC","isSpot":false,"isLocal":false,"hasStream":false,"waitForSync":false,"isSystem":false,"globallyUniqueId":"hB1D42EC62724/790503","searchEnabled":false},{"id":"782003","name":"_collections","status":3,"type":2,"collectionModel":"DOC","isSpot":false,"isLocal":true,"hasStream":false,"waitForSync":false,"isSystem":true,"globallyUniqueId":"_collections","searchEnabled":false},{"id":"782268","name":"test_collection_c8ql_1","status":3,"type":2,"collectionModel":"DOC","isSpot":false,"isLocal":false,"hasStream":false,"waitForSync":false,"isSystem":false,"globallyUniqueId":"hB1D42EC62724/782268","searchEnabled":false},{"id":"786934","name":"test_collection_cursor_1","status":3,"type":2,"collectionModel":"DOC","isSpot":false,"isLocal":false,"hasStream":false,"waitForSync":false,"isSystem":false,"globallyUniqueId":"hB1D42EC62724/786934","searchEnabled":false},{"id":"782343","name":"test_collection_c8ql_3","status":3,"type":2,"collectionModel":"DOC","isSpot":false,"isLocal":false,"hasStream":false,"waitForSync":false,"isSystem":false,"globallyUniqueId":"hB1D42EC62724/782343","searchEnabled":false},{"id":"790405","name":"test_collection_graph_6","status":3,"type":2,"collectionModel":"DOC","isSpot":false,"isLocal":false,"hasStream":false,"waitForSync":false,"isSystem":false,"globallyUniqueId":"hB1D42EC62724/790405","searchEnabled":false},{"id":"781963","name":"_analyzers","status":3,"type":2,"collectionModel":"DOC","isSpot":false,"isLocal":false,"hasStream":true,"waitForSync":false,"isSystem":true,"globallyUniqueId":"_analyzers","searchEnabled":false},{"id":"781960","name":"_graphs","status":3,"type":2,"collectionModel":"DOC","isSpot":false,"isLocal":false,"hasStream":true,"waitForSync":false,"isSystem":true,"globallyUniqueId":"_graphs","searchEnabled":false},{"id":"782047","name":"test_collection_2","status":3,"type":3,"collectionModel":"DOC","isSpot":false,"isLocal":false,"hasStream":false,"waitForSync":false,"isSystem":false,"globallyUniqueId":"hB1D42EC62724/782047","searchEnabled":false},{"id":"782017","name":"test_collection_1","status":3,"type":2,"collectionModel":"DOC","isSpot":false,"isLocal":false,"hasStream":false,"waitForSync":false,"isSystem":false,"globallyUniqueId":"hB1D42EC62724/782017","searchEnabled":false},{"id":"782080","name":"test_collection_5","status":3,"type":2,"collectionModel":"DOC","isSpot":false,"isLocal":false,"hasStream":false,"waitForSync":false,"isSystem":false,"globallyUniqueId":"hB1D42EC62724/782080","searchEnabled":false},{"id":"782092","name":"test_collection_3","status":3,"type":3,"collectionModel":"DOC","isSpot":false,"isLocal":false,"hasStream":false,"waitForSync":false,"isSystem":false,"globallyUniqueId":"hB1D42EC62724/782092","searchEnabled":false},{"id":"782382","name":"test_collection_c8ql_5","status":3,"type":2,"collectionModel":"DOC","isSpot":false,"isLocal":false,"hasStream":false,"waitForSync":false,"isSystem":false,"globallyUniqueId":"hB1D42EC62724/782382","searchEnabled":false},{"id":"782287","name":"test_collection_c8ql_2","status":3,"type":2,"collectionModel":"DOC","isSpot":false,"isLocal":false,"hasStream":false,"waitForSync":false,"isSystem":false,"globallyUniqueId":"hB1D42EC62724/782287","searchEnabled":false},{"id":"782009","name":"_replicationTest","status":3,"type":2,"collectionModel":"DOC","isSpot":false,"isLocal":false,"hasStream":true,"waitForSync":false,"isSystem":true,"globallyUniqueId":"_replicationTest","searchEnabled":false},{"id":"782068","name":"test_collection_4","status":3,"type":2,"collectionModel":"DOC","isSpot":false,"isLocal":false,"hasStream":false,"waitForSync":false,"isSystem":false,"globallyUniqueId":"hB1D42EC62724/782068","searchEnabled":false},{"id":"782363","name":"test_collection_c8ql_4","status":3,"type":2,"collectionModel":"DOC","isSpot":false,"isLocal":false,"hasStream":false,"waitForSync":false,"isSystem":false,"globallyUniqueId":"hB1D42EC62724/782363","searchEnabled":false},{"id":"782492","name":"test_collection_c8ql_6","status":3,"type":2,"collectionModel":"DOC","isSpot":false,"isLocal":false,"hasStream":false,"waitForSync":false,"isSystem":false,"globallyUniqueId":"hB1D42EC62724/782492","searchEnabled":false},{"id":"784580","name":"test_collection_c8ql_7","status":3,"type":2,"collectionModel":"DOC","isSpot":false,"isLocal":false,"hasStream":false,"waitForSync":false,"isSystem":false,"globallyUniqueId":"hB1D42EC62724/784580","searchEnabled":false}]}'
    headers:
      Access-Control-Expose-Headers:
      - x-gdn-region, x-gdn-requestid, x-gdn-responsetime
      Connection:
      - keep-alive
      Content-Type:
      - application/json
      Date:
      - Fri, 18 Nov 2022 07:39:46 GMT
      Server:
      - APISIX
      Transfer-Encoding:
      - chunked
      Vary:
      - Origin
      - Access-Control-Request-Method
      - Access-Control-Request-Headers
      x-gdn-region:
      - dino-fra.eng.macrometa.io
      x-gdn-requestid:
      - c062c40b-4b57-48b2-afab-d3014e49af8e
      x-gdn-responsetime:
      - '19'
    status:
      code: 200
      message: ''
- request:
    body: null
    headers:
      Accept:
      - '*/*'
      Accept-Encoding:
      - gzip, deflate
      Connection:
      - keep-alive
      User-Agent:
      - python-requests/2.25.1
      charset:
      - utf-8
      content-type:
      - application/json
    method: GET
    uri: https://api-dino-fra.eng.macrometa.io/_fabric/test_fabric_1/_api/graph/test_graph_1
  response:
    body:
      string: '{"error":false,"code":200,"graph":{"_key":"test_graph_1","numberOfShards":1,"replicationFactor":1,"minReplicationFactor":1,"isSmart":false,"edgeDefinitions":[{"collection":"test_collection_3","from":["test_collection_4"],"to":["test_collection_5"]},{"collection":"test_collection_graph_13","from":["test_collection_graph_11"],"to":["test_collection_graph_12"]}],"orphanCollections":["test_collection_graph_14"],"_rev":"_fGkr3TC--_","_id":"_graphs/test_graph_1","name":"test_graph_1"}}'
    headers:
      Access-Control-Expose-Headers:
      - x-gdn-region, x-gdn-requestid, x-gdn-responsetime
      Connection:
      - keep-alive
      Content-Length:
      - '484'
      Content-Type:
      - application/json; charset=utf-8
      Server:
      - APISIX
      X-Content-Type-Options:
      - nosniff
      x-gdn-region:
      - dino-fra.eng.macrometa.io
      x-gdn-requestid:
      - 6473f13b-1b77-4bf6-b2cd-9e890eb95c9b
      x-gdn-responsetime:
      - '3'
    status:
      code: 200
      message: OK
- request:
    body: null
    headers:
      Accept:
      - '*/*'
      Accept-Encoding:
      - gzip, deflate
      Connection:
      - keep-alive
      User-Agent:
      - python-requests/2.25.1
      charset:
      - utf-8
      content-type:
      - application/json
    method: GET
    uri: https://api-dino-fra.eng.macrometa.io/_fabric/test_fabric_1/_api/graph/test_graph_1
  response:
    body:
      string: '{"error":false,"code":200,"graph":{"_key":"test_graph_1","numberOfShards":1,"replicationFactor":1,"minReplicationFactor":1,"isSmart":false,"edgeDefinitions":[{"collection":"test_collection_3","from":["test_collection_4"],"to":["test_collection_5"]},{"collection":"test_collection_graph_13","from":["test_collection_graph_11"],"to":["test_collection_graph_12"]}],"orphanCollections":["test_collection_graph_14"],"_rev":"_fGkr3TC--_","_id":"_graphs/test_graph_1","name":"test_graph_1"}}'
    headers:
      Access-Control-Expose-Headers:
      - x-gdn-region, x-gdn-requestid, x-gdn-responsetime
      Connection:
      - keep-alive
      Content-Length:
      - '484'
      Content-Type:
      - application/json; charset=utf-8
      Server:
      - APISIX
      X-Content-Type-Options:
      - nosniff
      x-gdn-region:
      - dino-fra.eng.macrometa.io
      x-gdn-requestid:
      - 9ff7bfbb-3595-498d-88c0-a52fa585506c
      x-gdn-responsetime:
      - '1'
    status:
      code: 200
      message: OK
version: 1
