interactions:
- request:
    body: '["ZADD", "zlexSet1", 0, "a", 0, "b", 0, "c", 0, "d", 0, "e"]'
    headers:
      Accept:
      - '*/*'
      Accept-Encoding:
      - gzip, deflate
      Connection:
      - keep-alive
      Content-Length:
      - '60'
      User-Agent:
      - python-requests/2.25.1
      charset:
      - utf-8
      content-type:
      - application/json
    method: POST
    uri: https://api-dino-fra.eng.macrometa.io/_fabric/_system/_api/redis/testRedisCollection
  response:
    body:
      string: '{"code":200,"result":5}'
    headers:
      Access-Control-Expose-Headers:
      - x-gdn-region, x-gdn-requestid, x-gdn-responsetime
      Connection:
      - keep-alive
      Content-Length:
      - '23'
      Content-Type:
      - application/json; charset=utf-8
      Server:
      - APISIX
      X-Content-Type-Options:
      - nosniff
      x-gdn-region:
      - dino-fra.eng.macrometa.io
      x-gdn-requestid:
      - 5f1974f7-08ab-4f39-a7dd-450e17810160
      x-gdn-responsetime:
      - '12'
    status:
      code: 200
      message: OK
- request:
    body: '["ZADD", "zlexSet1", 0, "f", 0, "g"]'
    headers:
      Accept:
      - '*/*'
      Accept-Encoding:
      - gzip, deflate
      Connection:
      - keep-alive
      Content-Length:
      - '36'
      User-Agent:
      - python-requests/2.25.1
      charset:
      - utf-8
      content-type:
      - application/json
    method: POST
    uri: https://api-dino-fra.eng.macrometa.io/_fabric/_system/_api/redis/testRedisCollection
  response:
    body:
      string: '{"code":200,"result":2}'
    headers:
      Access-Control-Expose-Headers:
      - x-gdn-region, x-gdn-requestid, x-gdn-responsetime
      Connection:
      - keep-alive
      Content-Length:
      - '23'
      Content-Type:
      - application/json; charset=utf-8
      Server:
      - APISIX
      X-Content-Type-Options:
      - nosniff
      x-gdn-region:
      - dino-fra.eng.macrometa.io
      x-gdn-requestid:
      - 1d84c4f4-567b-49b7-bb30-617be7890b26
      x-gdn-responsetime:
      - '9'
    status:
      code: 200
      message: OK
- request:
    body: '["ZLEXCOUNT", "zlexSet1", "-", "+"]'
    headers:
      Accept:
      - '*/*'
      Accept-Encoding:
      - gzip, deflate
      Connection:
      - keep-alive
      Content-Length:
      - '35'
      User-Agent:
      - python-requests/2.25.1
      charset:
      - utf-8
      content-type:
      - application/json
    method: POST
    uri: https://api-dino-fra.eng.macrometa.io/_fabric/_system/_api/redis/testRedisCollection
  response:
    body:
      string: '{"code":200,"result":7}'
    headers:
      Access-Control-Expose-Headers:
      - x-gdn-region, x-gdn-requestid, x-gdn-responsetime
      Connection:
      - keep-alive
      Content-Length:
      - '23'
      Content-Type:
      - application/json; charset=utf-8
      Server:
      - APISIX
      X-Content-Type-Options:
      - nosniff
      x-gdn-region:
      - dino-fra.eng.macrometa.io
      x-gdn-requestid:
      - d0666060-a89a-44f8-a94e-b49782b31729
      x-gdn-responsetime:
      - '6'
    status:
      code: 200
      message: OK
version: 1
