interactions:
- request:
    body: '["ZADD", "zremrangebylex", 0, "aaaaa", 0, "b", 0, "c", 0, "d", 0, "e"]'
    headers:
      Accept:
      - '*/*'
      Accept-Encoding:
      - gzip, deflate
      Connection:
      - keep-alive
      Content-Length:
      - '70'
      User-Agent:
      - python-requests/2.25.1
      charset:
      - utf-8
      content-type:
      - application/json
    method: POST
    uri: https://api-dino-fra.eng.macrometa.io/_fabric/_system/_api/redis/testRedisCollection
  response:
    body:
      string: '{"code":200,"result":5}'
    headers:
      Access-Control-Expose-Headers:
      - x-gdn-region, x-gdn-requestid, x-gdn-responsetime
      Connection:
      - keep-alive
      Content-Length:
      - '23'
      Content-Type:
      - application/json; charset=utf-8
      Server:
      - APISIX
      X-Content-Type-Options:
      - nosniff
      x-gdn-region:
      - dino-fra.eng.macrometa.io
      x-gdn-requestid:
      - a5b8e9dc-e889-479c-9f5e-68c440d47229
      x-gdn-responsetime:
      - '7'
    status:
      code: 200
      message: OK
- request:
    body: '["ZADD", "zremrangebylex", 0, "foo", 0, "zap", 0, "zip", 0, "ALPHA", 0,
      "alpha"]'
    headers:
      Accept:
      - '*/*'
      Accept-Encoding:
      - gzip, deflate
      Connection:
      - keep-alive
      Content-Length:
      - '80'
      User-Agent:
      - python-requests/2.25.1
      charset:
      - utf-8
      content-type:
      - application/json
    method: POST
    uri: https://api-dino-fra.eng.macrometa.io/_fabric/_system/_api/redis/testRedisCollection
  response:
    body:
      string: '{"code":200,"result":5}'
    headers:
      Access-Control-Expose-Headers:
      - x-gdn-region, x-gdn-requestid, x-gdn-responsetime
      Connection:
      - keep-alive
      Content-Length:
      - '23'
      Content-Type:
      - application/json; charset=utf-8
      Server:
      - APISIX
      X-Content-Type-Options:
      - nosniff
      x-gdn-region:
      - dino-fra.eng.macrometa.io
      x-gdn-requestid:
      - 54df855c-28a2-42c2-b59f-2c76bb276183
      x-gdn-responsetime:
      - '7'
    status:
      code: 200
      message: OK
- request:
    body: '["ZREMRANGEBYLEX", "zremrangebylex", "[alpha", "[omega"]'
    headers:
      Accept:
      - '*/*'
      Accept-Encoding:
      - gzip, deflate
      Connection:
      - keep-alive
      Content-Length:
      - '56'
      User-Agent:
      - python-requests/2.25.1
      charset:
      - utf-8
      content-type:
      - application/json
    method: POST
    uri: https://api-dino-fra.eng.macrometa.io/_fabric/_system/_api/redis/testRedisCollection
  response:
    body:
      string: '{"code":200,"result":6}'
    headers:
      Access-Control-Expose-Headers:
      - x-gdn-region, x-gdn-requestid, x-gdn-responsetime
      Connection:
      - keep-alive
      Content-Length:
      - '23'
      Content-Type:
      - application/json; charset=utf-8
      Server:
      - APISIX
      X-Content-Type-Options:
      - nosniff
      x-gdn-region:
      - dino-fra.eng.macrometa.io
      x-gdn-requestid:
      - 1fc9b0b2-c960-47c3-ab65-e231d458b329
      x-gdn-responsetime:
      - '7'
    status:
      code: 200
      message: OK
version: 1
